
> dropship-store@0.1.0 build
> next build

Γû▓ Next.js 16.1.1 (Turbopack)
- Environments: .env.local

  Creating an optimized production build ...
Γ£ô Compiled successfully in 3.2s
  Running TypeScript ...
node.exe : Failed to compile.
At line:1 char:1
+ & "C:\Program Files\nodejs/node.exe" "C:\Program 
Files\nodejs/node_mo ...
+ ~~~~~~~~~~~~~~~~~~~~~~~~~~~~~~~~~~~~~~~~~~~~~~~~~~~~~~
~~~~~~~~~~~~~~~
    + CategoryInfo          : NotSpecified: (Failed to  
   compile.:String) [], RemoteException
    + FullyQualifiedErrorId : NativeCommandError
 

./app/(admin)/admin/products/page.tsx:629:60
Type error: Property 'pid' does not exist on type 
'CJProduct'.

[0m [90m 627 |[39m             
setSelectedCjIds([36mnew[39m 
[33mSet[39m())[33m;[39m
 [90m 628 |[39m         } [36melse[39m {
[31m[1m>[22m[39m[90m 629 |[39m             
setSelectedCjIds([36mnew[39m 
[33mSet[39m(cjProducts[33m.[39mmap(p [33m=>[39m 
p[33m.[39mpid)))[33m;[39m
 [90m     |[39m                                       
                     [31m[1m^[22m[39m
 [90m 630 |[39m         }
 [90m 631 |[39m     }[33m;[39m
 [90m 632 |[39m[0m
Next.js build worker exited with code: 1 and signal: 
null
